<?xml version="1.0" encoding="UTF-8" standalone="no"?>
<!DOCTYPE map PUBLIC "-//Sun Microsystems Inc.//DTD JavaHelp Map Version 1.0//EN" "http://java.sun.com/products/javahelp/map_1_0.dtd">
<map version="1.0">
  <mapID target="SupplierRevenue_html" url="html/SupplierRevenue.html"/>
  <mapID target="ChangePurchaseorder_html" url="html/ChangePurchaseorder.html"/>
  <mapID target="CreateInvoice_html" url="html/CreateInvoice.html"/>
  <mapID target="Profitcenter_html" url="html/Profitcenter.html"/>
  <mapID target="SIEimport_html" url="html/SIEimport.html"/>
  <mapID target="AccountsPayable_html" url="html/AccountsPayable.html"/>
  <mapID target="ChangeSuppliers_html" url="html/ChangeSuppliers.html"/>
  <mapID target="SuppliercreditinvoiceJournal_html" url="html/SuppliercreditinvoiceJournal.html"/>
  <mapID target="ExportTemplateExcel_html" url="html/ExportTemplateExcel.html"/>
  <mapID target="CreateAccounts_html" url="html/CreateAccounts.html"/>
  <mapID target="Purchaseorderreport_html" url="html/Purchaseorderreport.html"/>
  <mapID target="ProfitLossReport_html" url="html/ProfitLossReport.html"/>
  <mapID target="DeleteQuotations_html" url="html/DeleteQuotations.html"/>
  <mapID target="CreditInvoiceList_html" url="html/CreditInvoiceList.html"/>
  <mapID target="ChangeAccounts_html" url="html/ChangeAccounts.html"/>
  <mapID target="CreateProducts_html" url="html/CreateProducts.html"/>
  <mapID target="SaleProfitReport_html" url="html/SaleProfitReport.html"/>
  <mapID target="ChangeCompany_html" url="html/ChangeCompany.html"/>
  <mapID target="ChangeOutdelivery_html" url="html/ChangeOutdelivery.html"/>
  <mapID target="ChangeSupplierinvoice_html" url="html/ChangeSupplierinvoice.html"/>
  <mapID target="Outpayment_html" url="html/Outpayment.html"/>
  <mapID target="CreateCustomers_html" url="html/CreateCustomers.html"/>
  <mapID target="CreateOutdelivery_html" url="html/CreateOutdelivery.html"/>
  <mapID target="ExportCustomers_html" url="html/ExportCustomers.html"/>
  <mapID target="ChangeIndelivery_html" url="html/ChangeIndelivery.html"/>
  <mapID target="ImportVerExcel_html" url="html/ImportVerExcel.html"/>
  <mapID target="AccountsReceivable_html" url="html/AccountsReceivable.html"/>
  <mapID target="ChangeProducts_html" url="html/ChangeProducts.html"/>
  <mapID target="CorrectionVerifications_html" url="html/CorrectionVerifications.html"/>
  <mapID target="CopyPurchaseorder_html" url="html/CopyPurchaseorder.html"/>
  <mapID target="SuppliercreditInvoiceList_html" url="html/SuppliercreditInvoiceList.html"/>
  <mapID target="Pickingslip_html" url="html/Pickingslip.html"/>
  <mapID target="CreateLBpayment_html" url="html/CreateLBpayment.html"/>
  <mapID target="ImportCustomers_html" url="html/ImportCustomers.html"/>
  <mapID target="Suppliercreditinvoices_html" url="html/Suppliercreditinvoices.html"/>
  <mapID target="InDeliverylist_html" url="html/InDeliverylist.html"/>
  <mapID target="Search 16 n p_png" url="images/Search 16 n p.png"/>
  <mapID target="DeleteOrders_html" url="html/DeleteOrders.html"/>
  <mapID target="BalanceReport_html" url="html/BalanceReport.html"/>
  <mapID target="SupplierinvoiceList_html" url="html/SupplierinvoiceList.html"/>
  <mapID target="SupplierinvoiceJournal_html" url="html/SupplierinvoiceJournal.html"/>
  <mapID target="Year_html" url="html/Year.html"/>
  <mapID target="SaleValues_html" url="html/SaleValues.html"/>
  <mapID target="CopyOrder_html" url="html/CopyOrder.html"/>
  <mapID target="ChangePeriodicInvoice_html" url="html/ChangePeriodicInvoice.html"/>
  <mapID target="RestoreBackup_html" url="html/RestoreBackup.html"/>
  <mapID target="CreateInpayment_html" url="html/CreateInpayment.html"/>
  <mapID target="QuotationReport_html" url="html/QuotationReport.html"/>
  <mapID target="ExportAccounts_html" url="html/ExportAccounts.html"/>
  <mapID target="InvoiceReport_html" url="html/InvoiceReport.html"/>
  <mapID target="CreditinvoiceJournal_html" url="html/CreditinvoiceJournal.html"/>
  <mapID target="AutoInvoiceFromOrder_html" url="html/AutoInvoiceFromOrder.html"/>
  <mapID target="ChangeCustomers_html" url="html/ChangeCustomers.html"/>
  <mapID target="VerificationsReport_html" url="html/VerificationsReport.html"/>
  <mapID target="InvoiceReceivable_html" url="html/InvoiceReceivable.html"/>
  <mapID target="ExportProducts_html" url="html/ExportProducts.html"/>
  <mapID target="InvoiceJournal_html" url="html/InvoiceJournal.html"/>
  <mapID target="DeletePostlocks_html" url="html/DeletePostlocks.html"/>
  <mapID target="ChangeOrder_html" url="html/ChangeOrder.html"/>
  <mapID target="AutoOutpayFromSuppInvoice_html" url="html/AutoOutpayFromSuppInvoice.html"/>
  <mapID target="DeleteAutomaticDist_html" url="html/DeleteAutomaticDist.html"/>
  <mapID target="DeleteSuppliers_html" url="html/DeleteSuppliers.html"/>
  <mapID target="OrderReport_html" url="html/OrderReport.html"/>
  <mapID target="EmailPO_html" url="html/EmailPO.html"/>
  <mapID target="Book Blue 16 n p_png" url="images/Book Blue 16 n p.png"/>
  <mapID target="ImportOrdersEbutik_html" url="html/ImportOrdersEbutik.html"/>
  <mapID target="AutoCashFromOrder_html" url="html/AutoCashFromOrder.html"/>
  <mapID target="CreatePurchaseorder_html" url="html/CreatePurchaseorder.html"/>
  <mapID target="InpaymentJournal_html" url="html/InpaymentJournal.html"/>
  <mapID target="BackupActiveCompany_html" url="html/BackupActiveCompany.html"/>
  <mapID target="CopyProducts_html" url="html/CopyProducts.html"/>
  <mapID target="DeleteCreditinvoices_html" url="html/DeleteCreditinvoices.html"/>
  <mapID target="popup_gif" url="images/popup.gif"/>
  <mapID target="CreateOwnIncomeReport_html" url="html/CreateOwnIncomeReport.html"/>
  <mapID target="ExportOrdersXML_html" url="html/ExportOrdersXML.html"/>
  <mapID target="ImportCustomersXML_html" url="html/ImportCustomersXML.html"/>
  <mapID target="OpenYear_html" url="html/OpenYear.html"/>
  <mapID target="ExportCustomersXML_html" url="html/ExportCustomersXML.html"/>
  <mapID target="ChangeVerifications_html" url="html/ChangeVerifications.html"/>
  <mapID target="CopyInvoice_html" url="html/CopyInvoice.html"/>
  <mapID target="ChangeInpayment_html" url="html/ChangeInpayment.html"/>
  <mapID target="InvoiceList_html" url="html/InvoiceList.html"/>
  <mapID target="Inpaymentlist_html" url="html/Inpaymentlist.html"/>
  <mapID target="CreateInterestinvoice_html" url="html/CreateInterestinvoice.html"/>
  <mapID target="OpenCompany_html" url="html/OpenCompany.html"/>
  <mapID target="SearchNewVersions_html" url="html/SearchNewVersions.html"/>
  <mapID target="AccountingTemplate_html" url="html/AccountingTemplate.html"/>
  <mapID target="GeneralLedgerReport_html" url="html/GeneralLedgerReport.html"/>
  <mapID target="CreateProfitcenter_html" url="html/CreateProfitcenter.html"/>
  <mapID target="SalesTaxReport2007_html" url="html/SalesTaxReport2007.html"/>
  <mapID target="CreateQuotation_html" url="html/CreateQuotation.html"/>
  <mapID target="ChangeSuppliercreditinvoice_html" url="html/ChangeSuppliercreditinvoice.html"/>
  <mapID target="CopySuppliers_html" url="html/CopySuppliers.html"/>
  <mapID target="ProfitLossBudget_html" url="html/ProfitLossBudget.html"/>
  <mapID target="New Text Document 16 n p_png" url="images/New Text Document 16 n p.png"/>
  <mapID target="DeleteProfitcenter_html" url="html/DeleteProfitcenter.html"/>
  <mapID target="Inventorycountlist_html" url="html/Inventorycountlist.html"/>
  <mapID target="Suppliers_html" url="html/Suppliers.html"/>
  <mapID target="EmailCreditInvoice_html" url="html/EmailCreditInvoice.html"/>
  <mapID target="EmailOrder_html" url="html/EmailOrder.html"/>
  <mapID target="ChangeCreditinvoice_html" url="html/ChangeCreditinvoice.html"/>
  <mapID target="CreateProject_html" url="html/CreateProject.html"/>
  <mapID target="Purchaseorders_html" url="html/Purchaseorders.html"/>
  <mapID target="Outpaymentlist_html" url="html/Outpaymentlist.html"/>
  <mapID target="DeleteYear_html" url="html/DeleteYear.html"/>
  <mapID target="CreditInvoices_html" url="html/CreditInvoices.html"/>
  <mapID target="DeleteSuppliercreditinvoices_html" url="html/DeleteSuppliercreditinvoices.html"/>
  <mapID target="ChangeInvoice_html" url="html/ChangeInvoice.html"/>
  <mapID target="PurchaseorderList_html" url="html/PurchaseorderList.html"/>
  <mapID target="InDelivery_html" url="html/InDelivery.html"/>
  <mapID target="ImportOrdersXML_html" url="html/ImportOrdersXML.html"/>
  <mapID target="PrintOwnIncomeReport_html" url="html/PrintOwnIncomeReport.html"/>
  <mapID target="CopyOutdelivery_html" url="html/CopyOutdelivery.html"/>
  <mapID target="QuotationList_html" url="html/QuotationList.html"/>
  <mapID target="AccountingSchemeReport_html" url="html/AccountingSchemeReport.html"/>
  <mapID target="header_png" url="images/header.png"/>
  <mapID target="SimpleStatement_html" url="html/SimpleStatement.html"/>
  <mapID target="DeleteOwnIncomeReport_html" url="html/DeleteOwnIncomeReport.html"/>
  <mapID target="AutoInpayFromInvoice_html" url="html/AutoInpayFromInvoice.html"/>
  <mapID target="OwnIncomeReport_html" url="html/OwnIncomeReport.html"/>
  <mapID target="CreateOutpayment_html" url="html/CreateOutpayment.html"/>
  <mapID target="DeleteCustomers_html" url="html/DeleteCustomers.html"/>
  <mapID target="DeleteProject_html" url="html/DeleteProject.html"/>
  <mapID target="DeleteIndelivery_html" url="html/DeleteIndelivery.html"/>
  <mapID target="ResultunitRevenue_html" url="html/ResultunitRevenue.html"/>
  <mapID target="DeletePurchaseorders_html" url="html/DeletePurchaseorders.html"/>
  <mapID target="Deliverynote_html" url="html/Deliverynote.html"/>
  <mapID target="CopyCreditinvoice_html" url="html/CopyCreditinvoice.html"/>
  <mapID target="ImportCustomersEbutik_html" url="html/ImportCustomersEbutik.html"/>
  <mapID target="Verifications_html" url="html/Verifications.html"/>
  <mapID target="Reminder_html" url="html/Reminder.html"/>
  <mapID target="ChangeQuotation_html" url="html/ChangeQuotation.html"/>
  <mapID target="ProjectReport_html" url="html/ProjectReport.html"/>
  <mapID target="CompressDatabase_html" url="html/CompressDatabase.html"/>
  <mapID target="PurchaseValues_html" url="html/PurchaseValues.html"/>
  <mapID target="Accounts_html" url="html/Accounts.html"/>
  <mapID target="Stockvaluereport_html" url="html/Stockvaluereport.html"/>
  <mapID target="CreateSuppliercreditinvoice_html" url="html/CreateSuppliercreditinvoice.html"/>
  <mapID target="InquiryReport_html" url="html/InquiryReport.html"/>
  <mapID target="ExportProductsXML_html" url="html/ExportProductsXML.html"/>
  <mapID target="ChangeYear_html" url="html/ChangeYear.html"/>
  <mapID target="BeginningBalance_html" url="html/BeginningBalance.html"/>
  <mapID target="ProfitLossBudgetReport_html" url="html/ProfitLossBudgetReport.html"/>
  <mapID target="ExportVerExcel_html" url="html/ExportVerExcel.html"/>
  <mapID target="InventoryCount_html" url="html/InventoryCount.html"/>
  <mapID target="DeleteInpayments_html" url="html/DeleteInpayments.html"/>
  <mapID target="Products_html" url="html/Products.html"/>
  <mapID target="Fribok_logo_png" url="images/logo.png"/>
  <mapID target="DeleteAccounts_html" url="html/DeleteAccounts.html"/>
  <mapID target="CopySupplierinvoice_html" url="html/CopySupplierinvoice.html"/>
  <mapID target="ChangeOwnIncomeReport_html" url="html/ChangeOwnIncomeReport.html"/>
  <mapID target="DeleteSupplierinvoices_html" url="html/DeleteSupplierinvoices.html"/>
  <mapID target="CreateOrder_html" url="html/CreateOrder.html"/>
  <mapID target="Intro_html" url="html/Intro.html"/>
  <mapID target="OutDelivery_html" url="html/OutDelivery.html"/>
  <mapID target="CopyPeriodicInvoice_html" url="html/CopyPeriodicInvoice.html"/>
  <mapID target="CopyCustomers_html" url="html/CopyCustomers.html"/>
  <mapID target="AutoCreditFromInvoice_html" url="html/AutoCreditFromInvoice.html"/>
  <mapID target="ProfitcenterReport_html" url="html/ProfitcenterReport.html"/>
  <mapID target="DeleteProducts_html" url="html/DeleteProducts.html"/>
  <mapID target="Supplierinvoices_html" url="html/Supplierinvoices.html"/>
  <mapID target="DeletePeriodicInvoices_html" url="html/DeletePeriodicInvoices.html"/>
  <mapID target="AutoSuppinvoiceFromPurchorder_html" url="html/AutoSuppinvoiceFromPurchorder.html"/>
  <mapID target="AutoPeriodicinvoiceFromOrder_html" url="html/AutoPeriodicinvoiceFromOrder.html"/>
  <mapID target="Customers_html" url="html/Customers.html"/>
  <mapID target="AutomaticDistribution_html" url="html/AutomaticDistribution.html"/>
  <mapID target="OutpaymentJournal_html" url="html/OutpaymentJournal.html"/>
  <mapID target="OCRInvoice_html" url="html/OCRInvoice.html"/>
  <mapID target="AutoCsuppinvFromSuppinv_html" url="html/AutoCsuppinvFromSuppinv.html"/>
  <mapID target="CreateCompany_html" url="html/CreateCompany.html"/>
  <mapID target="ChangeAutomaticDist_html" url="html/ChangeAutomaticDist.html"/>
  <mapID target="AutoReminderFromInvoice_html" url="html/AutoReminderFromInvoice.html"/>
  <mapID target="PeriodicInvoices_html" url="html/PeriodicInvoices.html"/>
  <mapID target="CreateVerifications_html" url="html/CreateVerifications.html"/>
  <mapID target="CreateIndelivery_html" url="html/CreateIndelivery.html"/>
  <mapID target="SalesTaxReport_html" url="html/SalesTaxReport.html"/>
  <mapID target="BackupAllCompany_html" url="html/BackupAllCompany.html"/>
  <mapID target="AutoOrderFromQuote_html" url="html/AutoOrderFromQuote.html"/>
  <mapID target="CleanTransactions_html" url="html/CleanTransactions.html"/>
  <mapID target="readme_html" url="readme.html"/>
  <mapID target="BeginningBalanceReport_html" url="html/BeginningBalanceReport.html"/>
  <mapID target="ImportBgMax_html" url="html/ImportBgMax.html"/>
  <mapID target="OrderList_html" url="html/OrderList.html"/>
  <mapID target="EmailInvoice_html" url="html/EmailInvoice.html"/>
  <mapID target="hem_html" url="html/hem.html"/>
  <mapID target="NetworkSettings_html" url="html/NetworkSettings.html"/>
  <mapID target="ImportLbin_html" url="html/ImportLbin.html"/>
  <mapID target="AutoInvoicesFromPeriodic_html" url="html/AutoInvoicesFromPeriodic.html"/>
  <mapID target="CreateCreditinvoice_html" url="html/CreateCreditinvoice.html"/>
  <mapID target="OutDeliverylist_html" url="html/OutDeliverylist.html"/>
  <mapID target="SupplierinvoicePayable_html" url="html/SupplierinvoicePayable.html"/>
  <mapID target="ProductRevenue_html" url="html/ProductRevenue.html"/>
  <mapID target="DeleteCompany_html" url="html/DeleteCompany.html"/>
  <mapID target="Inpayment_html" url="html/Inpayment.html"/>
  <mapID target="ImportAccounts_html" url="html/ImportAccounts.html"/>
  <mapID target="AccountsReport_html" url="html/AccountsReport.html"/>
  <mapID target="CopyAutomaticDist_html" url="html/CopyAutomaticDist.html"/>
  <mapID target="Project_html" url="html/Project.html"/>
  <mapID target="ImportProducts_html" url="html/ImportProducts.html"/>
  <mapID target="SIEexportVer_html" url="html/SIEexportVer.html"/>
  <mapID target="support_html" url="html/support.html"/>
  <mapID target="Book Red 16 n p_png" url="images/Book Red 16 n p.png"/>
  <mapID target="ImportTemplateExcel_html" url="html/ImportTemplateExcel.html"/>
  <mapID target="ChangeActiveAccounts_html" url="html/ChangeActiveAccounts.html"/>
  <mapID target="Saleorder_html" url="html/Saleorder.html"/>
  <mapID target="CreateSupplierinvoice_html" url="html/CreateSupplierinvoice.html"/>
  <mapID target="SIEexport_html" url="html/SIEexport.html"/>
  <mapID target="ImportProductsXML_html" url="html/ImportProductsXML.html"/>
  <mapID target="CreatePeriodicInvoice_html" url="html/CreatePeriodicInvoice.html"/>
  <mapID target="DeleteInventorycount_html" url="html/DeleteInventorycount.html"/>
  <mapID target="license_html" url="license.html"/>
  <mapID target="ChangeProject_html" url="html/ChangeProject.html"/>
  <mapID target="EUQReport_html" url="html/EUQReport.html"/>
  <mapID target="CreateAutomaticDist_html" url="html/CreateAutomaticDist.html"/>
  <mapID target="DeleteOutpayments_html" url="html/DeleteOutpayments.html"/>
  <mapID target="Book Green 16 n p_png" url="images/Book Green 16 n p.png"/>
  <mapID target="CreateSuppliers_html" url="html/CreateSuppliers.html"/>
  <mapID target="ExportSuppliers_html" url="html/ExportSuppliers.html"/>
  <mapID target="CopyInventorycount_html" url="html/CopyInventorycount.html"/>
  <mapID target="DeleteOutdelivery_html" url="html/DeleteOutdelivery.html"/>
  <mapID target="updates_html" url="html/updates.html"/>
  <mapID target="Invoices_html" url="html/Invoices.html"/>
  <mapID target="CreateInventorycount_html" url="html/CreateInventorycount.html"/>
  <mapID target="ChangeProfitcenter_html" url="html/ChangeProfitcenter.html"/>
  <mapID target="Quotation_html" url="html/Quotation.html"/>
  <mapID target="CopySuppliercreditinvoice_html" url="html/CopySuppliercreditinvoice.html"/>
  <mapID target="CreditinvoiceReport_html" url="html/CreditinvoiceReport.html"/>
  <mapID target="ImportSuppliers_html" url="html/ImportSuppliers.html"/>
  <mapID target="ChangeOutpayment_html" url="html/ChangeOutpayment.html"/>
  <mapID target="Inventorycountdoc_html" url="html/Inventorycountdoc.html"/>
  <mapID target="AutoPOFromOrder_html" url="html/AutoPOFromOrder.html"/>
  <mapID target="DeleteInvoices_html" url="html/DeleteInvoices.html"/>
  <mapID target="ProjectRevenue_html" url="html/ProjectRevenue.html"/>
  <mapID target="EmailInquiry_html" url="html/EmailInquiry.html"/>
  <mapID target="ChangeInventorycount_html" url="html/ChangeInventorycount.html"/>
  <mapID target="VersionHandling_html" url="html/VersionHandling.html"/>
  <mapID target="import_voucher_html" url="html/import.voucher.html"/>
  <mapID target="Backup_html" url="html/Backup.html"/>
  <mapID target="CreateYear_html" url="html/CreateYear.html"/>
  <mapID target="EmailQuotation_html" url="html/EmailQuotation.html"/>
  <mapID target="Company_html" url="html/Company.html"/>
  <mapID target="CustomerRevenue_html" url="html/CustomerRevenue.html"/>
  <mapID target="ListInvoicesForPeriodicInvoices_html" url="html/ListInvoicesForPeriodicInvoices.html"/>
  <mapID target="AutoPO_html" url="html/AutoPO.html"/>
  <mapID target="CopyQuotation_html" url="html/CopyQuotation.html"/>
  <mapID target="CopyIndelivery_html" url="html/CopyIndelivery.html"/>
  <mapID target="Network_html" url="html/Network.html"/>
  <mapID target="Instockreport_html" url="html/Instockreport.html"/>
</map>
